// Jest Snapshot v1, https://goo.gl/fbAQLP

exports[`localIcon renders an \`.code-ui-svg\` component 1`] = `
<svg
  className="code-ui-svg"
  viewBox="0 0 1024 1024"
>
  <path
    d="M553.984 553.984v-256h-84.01v256h84.01zm0 172.032V640h-84.01v86.016h84.01zM512 86.016q176 0 301.013 125.013t125.014 301.014-125.014 301.013T512 938.069 210.987 813.056 85.973 512.043t125.014-301.014T512 86.016z"
  />
</svg>
`;
