// Jest Snapshot v1, https://goo.gl/fbAQLP

exports[`Icon renders an \`.code-ui-svg\` component 1`] = `
<svg
  className="code-ui-svg"
>
  <use
    xlinkHref="#main"
  />
</svg>
`;
